// Jest Snapshot v1, https://goo.gl/fbAQLP

exports[`Card renders correctly 1`] = `
<div
  className="ant-card ant-card-bordered card"
>
  <div
    className="ant-card-body"
    style={Object {}}
  >
    <div>
      Hi
    </div>
  </div>
</div>
`;
