// Jest Snapshot v1, https://goo.gl/fbAQLP

exports[`ActiveMark renders correctly 1`] = `
<input
  className="ant-input"
  onBlur={[Function]}
  onChange={[Function]}
  onFocus={[Function]}
  onKeyDown={[Function]}
  type="text"
  value=""
/>
`;
